// Jest Snapshot v1, https://goo.gl/fbAQLP

exports[`Player.vue should has correct html 1`] = `
<div class="container fluid">
    <div class="layout row">
        <div class="flex xs3">
            <div class="track__data__container">
                <img src="https://i.scdn.co/image/31dd0b4e46c5fb0feb1e02c2f98d07e76ca5ab6c" alt="Esa Muchacha">
                <div>
                    <p class="title">
                        Esa Muchacha
                    </p>
                    <p>
                        Esa Muchacha
                        <span>03:00</span></p>
                </div>
            </div>
        </div>
        <div class="flex xs9">
            <div class="audio__container">
                <audio src="https://p.scdn.co/mp3-preview/a1db7be86b3d256d2e1bf562460947722c1aff01?cid=555776939cf64ea6b39915cf4d5d875d" controls="controls"></audio>
            </div>
        </div>
    </div>
</div>
`;
