// Jest Snapshot v1, https://goo.gl/fbAQLP

exports[`TrackCardItem.vue should has correct html 1`] = `
<div class="flex xs12 sm6 md3 lg3 wrap">
    <div class="white--text card" style="height: auto;">
        <div class="container fluid grid-list-lg">
            <div class="layout row">
                <div class="flex xs7">
                    <div>
                        <div class="headline">Esa Muchacha</div>
                        <div>Esa Muchacha</div>
                    </div>
                </div>
                <div class="flex xs5">
                    <div class="card__media" style="height: 125px;">
                        <div class="card__media__background"></div>
                        <div class="card__media__content"></div>
                    </div>
                </div>
            </div>
        </div>
    </div>
</div>
`;
