// Jest Snapshot v1, https://goo.gl/fbAQLP

exports[`TrackCardItem.vue should has correct html 1`] = `
<div class="flex wrap xs12 sm6 md4 lg4">
    <div class="card" style="height: auto;">
        <div class="container fluid grid-list-lg">
            <div class="layout row">
                <div class="flex xs7">
                    <div class="text-xs-center">
                        <div class="title">
                            <p>Album</p>
                            <p class="album-name">
                                Esa Muchacha
                            </p>
                        </div>
                        <p class="track-name">
                            Esa Muchacha
                        </p>
                        <p>Duration
                            <i aria-hidden="true" class="icon material-icons">arrow_right_alt</i>
                            03:00
                        </p>
                        <!---->
                    </div>
                </div>
                <div class="flex xs5">
                    <div class="card__media" style="height: 125px;">
                        <div class="card__media__background"></div>
                        <div class="card__media__content"></div>
                    </div>
                    <div class="card__actions">
                        <div class="spacer"></div>
                        <button type="button" class="play-arrow btn btn--icon">
                            <div class="btn__content">
                                <i aria-hidden="true" class="icon material-icons">play_arrow</i>
                            </div>
                        </button>
                        <button type="button" class="btn btn--icon">
                            <div class="btn__content">
                                <i aria-hidden="true" class="icon material-icons">remove_red_eye</i>
                            </div>
                        </button>
                        <div class="spacer"></div>
                    </div>
                </div>
            </div>
        </div>
    </div>
</div>
`;
